C:/Program Files/Krita (x64)/bin/ffmpeg.exe -hide_banner -y -y -r 24 -start_number 0 -start_number_range 1 -i C:/Krita/Art/frame%04d.png -i C:/Krita/Art/KritaTempPalettegen_%06d.png -lavfi [0:v][1:v]paletteuse=dither=sierra2_4a:diff_mode=none -f gif -loop 0 -gifflags +transdiff C:/Krita/Art/1.2.gif
=====================================================
Input #0, image2, from 'C:/Krita/Art/frame%04d.png':
  Duration: 00:00:04.04, start: 0.000000, bitrate: N/A
  Stream #0:0: Video: png, rgba(pc), 1920x1080 [SAR 11811:11811 DAR 16:9], 25 fps, 25 tbr, 25 tbn, 25 tbc
Input #1, image2, from 'C:/Krita/Art/KritaTempPalettegen_%06d.png':
  Duration: 00:00:00.04, start: 0.000000, bitrate: N/A
  Stream #1:0: Video: png, rgba(pc), 16x16 [SAR 1:1 DAR 1:1], 25 fps, 25 tbr, 25 tbn, 25 tbc
Stream mapping:
  Stream #0:0 (png) -> paletteuse:default
  Stream #1:0 (png) -> paletteuse:palette
  paletteuse -> Stream #0:0 (gif)
Press [q] to stop, [?] for help
[image2 @ 000001ab977bb480] Thread message queue blocking; consider raising the thread_queue_size option (current value: 8)
Output #0, gif, to 'C:/Krita/Art/1.2.gif':
  Metadata:
    encoder         : Lavf58.76.100
  Stream #0:0: Video: gif, pal8(pc, gbr/unknown/unknown, progressive), 1920x1080 [SAR 1:1 DAR 16:9], q=2-31, 200 kb/s, 24 fps, 100 tbn (default)
    Metadata:
      encoder         : Lavc58.134.100 gif
frame=    1 fps=0.0 q=-0.0 size=       0kB time=00:00:00.01 bitrate=   0.0kbits/s speed=0.101x    frame=    7 fps=0.0 q=-0.0 size=     512kB time=00:00:00.26 bitrate=16131.9kbits/s speed=0.392x    frame=   14 fps= 12 q=-0.0 size=     512kB time=00:00:00.55 bitrate=7626.0kbits/s speed=0.463x    frame=   21 fps= 12 q=-0.0 size=     768kB time=00:00:00.84 bitrate=7489.8kbits/s speed=0.493x    frame=   28 fps= 12 q=-0.0 size=    1280kB time=00:00:01.14 bitrate=9198.0kbits/s speed=0.505x    frame=   35 fps= 12 q=-0.0 size=    1536kB time=00:00:01.43 bitrate=8799.2kbits/s speed=0.504x    frame=   42 fps= 12 q=-0.0 size=    1792kB time=00:00:01.72 bitrate=8534.9kbits/s speed=0.507x    frame=   49 fps= 12 q=-0.0 size=    2048kB time=00:00:02.01 bitrate=8346.9kbits/s speed=0.51x    frame=   56 fps= 12 q=-0.0 size=    2304kB time=00:00:02.30 bitrate=8206.2kbits/s speed=0.51x    frame=   63 fps= 12 q=-0.0 size=    2560kB time=00:00:02.59 bitrate=8097.1kbits/s speed=0.51x    frame=   69 fps= 12 q=-0.0 size=    2816kB time=00:00:02.84 bitrate=8122.8kbits/s speed=0.509x    frame=   75 fps= 12 q=-0.0 size=    3072kB time=00:00:03.09 bitrate=8144.3kbits/s speed=0.508x    frame=   82 fps= 12 q=-0.0 size=    3328kB time=00:00:03.39 bitrate=8042.2kbits/s speed=0.509x    frame=   89 fps= 12 q=-0.0 size=    3328kB time=00:00:03.68 bitrate=7408.4kbits/s speed=0.51x    frame=   96 fps= 12 q=-0.0 size=    3584kB time=00:00:03.97 bitrate=7395.5kbits/s speed=0.51x    frame=  101 fps= 12 q=-0.0 Lsize=    3779kB time=00:00:04.18 bitrate=7405.6kbits/s speed=0.505x    
video:3779kB audio:0kB subtitle:0kB other streams:0kB global headers:0kB muxing overhead: 0.000517%
