C:/Program Files/Krita (x64)/bin/ffmpeg.exe -hide_banner -y -y -r 24 -start_number 0 -start_number_range 1 -i C:/Krita/Art/frame%04d.png -i C:/Krita/Art/KritaTempPalettegen_%06d.png -lavfi [0:v][1:v]paletteuse=dither=sierra2_4a:diff_mode=none -f gif -loop 0 -gifflags +transdiff C:/Krita/Art/1.gif
=====================================================
Input #0, image2, from 'C:/Krita/Art/frame%04d.png':
  Duration: 00:00:01.40, start: 0.000000, bitrate: N/A
  Stream #0:0: Video: png, rgba(pc), 1920x1080 [SAR 11811:11811 DAR 16:9], 25 fps, 25 tbr, 25 tbn, 25 tbc
Input #1, image2, from 'C:/Krita/Art/KritaTempPalettegen_%06d.png':
  Duration: 00:00:00.04, start: 0.000000, bitrate: N/A
  Stream #1:0: Video: png, rgba(pc), 16x16 [SAR 1:1 DAR 1:1], 25 fps, 25 tbr, 25 tbn, 25 tbc
Stream mapping:
  Stream #0:0 (png) -> paletteuse:default
  Stream #1:0 (png) -> paletteuse:palette
  paletteuse -> Stream #0:0 (gif)
Press [q] to stop, [?] for help
[image2 @ 000001774791c440] Thread message queue blocking; consider raising the thread_queue_size option (current value: 8)
Output #0, gif, to 'C:/Krita/Art/1.gif':
  Metadata:
    encoder         : Lavf58.76.100
  Stream #0:0: Video: gif, pal8(pc, gbr/unknown/unknown, progressive), 1920x1080 [SAR 1:1 DAR 16:9], q=2-31, 200 kb/s, 24 fps, 100 tbn (default)
    Metadata:
      encoder         : Lavc58.134.100 gif
frame=    1 fps=0.0 q=-0.0 size=       0kB time=00:00:00.01 bitrate=   0.0kbits/s speed=0.0753x    frame=    4 fps=0.0 q=-0.0 size=     512kB time=00:00:00.14 bitrate=29959.3kbits/s speed=0.192x    frame=    9 fps=7.1 q=-0.0 size=     512kB time=00:00:00.34 bitrate=12336.2kbits/s speed=0.267x    frame=   13 fps=7.3 q=-0.0 size=     512kB time=00:00:00.51 bitrate=8224.1kbits/s speed=0.288x    frame=   16 fps=7.0 q=-0.0 size=     768kB time=00:00:00.64 bitrate=9830.4kbits/s speed=0.281x    frame=   20 fps=7.1 q=-0.0 size=     768kB time=00:00:00.80 bitrate=7864.3kbits/s speed=0.285x    frame=   25 fps=7.5 q=-0.0 size=     768kB time=00:00:01.01 bitrate=6229.2kbits/s speed=0.303x    frame=   31 fps=7.9 q=-0.0 size=    1024kB time=00:00:01.26 bitrate=6657.6kbits/s speed=0.321x    frame=   35 fps=7.9 q=-0.0 Lsize=    1033kB time=00:00:01.43 bitrate=5917.4kbits/s speed=0.324x    
video:1033kB audio:0kB subtitle:0kB other streams:0kB global headers:0kB muxing overhead: 0.001891%
