E:/Program Files/Krita (x64)/bin/ffmpeg.exe -hide_banner -y -y -r 24 -start_number 0 -start_number_range 1 -i E:/Krita/Art/frame%04d.png -i E:/Krita/Art/KritaTempPalettegen_%06d.png -lavfi [0:v][1:v]paletteuse=dither=sierra2_4a:diff_mode=none -f gif -loop 0 -gifflags +transdiff E:/Krita/Art/3.gif
=====================================================
Input #0, image2, from 'E:/Krita/Art/frame%04d.png':
  Duration: 00:00:03.72, start: 0.000000, bitrate: N/A
  Stream #0:0: Video: png, rgba(pc, gbr/unknown/unknown), 1920x1080 [SAR 11811:11811 DAR 16:9], 25 fps, 25 tbr, 25 tbn
Input #1, image2, from 'E:/Krita/Art/KritaTempPalettegen_%06d.png':
  Duration: 00:00:00.04, start: 0.000000, bitrate: N/A
  Stream #1:0: Video: png, rgba(pc, gbr/unknown/unknown), 16x16 [SAR 1:1 DAR 1:1], 25 fps, 25 tbr, 25 tbn
Stream mapping:
  Stream #0:0 (png) -> paletteuse
  Stream #1:0 (png) -> paletteuse
  paletteuse:default -> Stream #0:0 (gif)
Press [q] to stop, [?] for help
Output #0, gif, to 'E:/Krita/Art/3.gif':
  Metadata:
    encoder         : Lavf61.7.100
  Stream #0:0: Video: gif, pal8(pc, gbr/unknown/unknown, progressive), 1920x1080 [SAR 1:1 DAR 16:9], q=2-31, 200 kb/s, 24 fps, 100 tbn
      Metadata:
        encoder         : Lavc61.19.101 gif
frame=    4 fps=0.0 q=-0.0 size=     256KiB time=00:00:00.16 bitrate=12582.9kbits/s speed=0.324x    frame=   11 fps= 11 q=-0.0 size=     512KiB time=00:00:00.45 bitrate=9151.2kbits/s speed=0.445x    frame=   19 fps= 12 q=-0.0 size=     512KiB time=00:00:00.79 bitrate=5298.1kbits/s speed=0.514x    frame=   26 fps= 13 q=-0.0 size=     768KiB time=00:00:01.08 bitrate=5807.5kbits/s speed=0.529x    frame=   34 fps= 13 q=-0.0 size=     768KiB time=00:00:01.41 bitrate=4441.0kbits/s speed=0.554x    frame=   40 fps= 13 q=-0.0 size=    1024KiB time=00:00:01.66 bitrate=5033.2kbits/s speed=0.544x    frame=   48 fps= 13 q=-0.0 size=    1024KiB time=00:00:02.00 bitrate=4194.3kbits/s speed=0.561x    frame=   55 fps= 14 q=-0.0 size=    1280KiB time=00:00:02.29 bitrate=4575.6kbits/s speed=0.563x    frame=   63 fps= 14 q=-0.0 size=    1280KiB time=00:00:02.62 bitrate=3994.6kbits/s speed=0.574x    frame=   70 fps= 14 q=-0.0 size=    1536KiB time=00:00:02.91 bitrate=4314.1kbits/s speed=0.574x    frame=   78 fps= 14 q=-0.0 size=    1536KiB time=00:00:03.25 bitrate=3871.7kbits/s speed=0.582x    frame=   85 fps= 14 q=-0.0 size=    1536KiB time=00:00:03.54 bitrate=3552.8kbits/s speed=0.581x    frame=   91 fps= 14 q=-0.0 size=    1792KiB time=00:00:03.79 bitrate=3871.7kbits/s speed=0.575x    [out#0/gif @ 000002303933bec0] video:1943KiB audio:0KiB subtitle:0KiB other streams:0KiB global headers:0KiB muxing overhead: 0.001005%
frame=   93 fps= 14 q=-0.0 Lsize=    1943KiB time=00:00:03.87 bitrate=4107.2kbits/s speed=0.578x    
